// Vitest Snapshot v1, https://vitest.dev/guide/snapshot.html

exports[`<MessageBox/> > Rendeser input and button elements correctly 1`] = `[Function]`;
